
[1m[46m RUN [49m[22m [36mv4.1.0 [39m[90mA:/FreeLance Projects/RentAFellow/backend[39m

node.exe : 
[90mstderr[2m | src/t
ests/controllers/bookin
g.test.js[2m > 
[22m[2mBooking 
Controller[2m > [22m
[2mcreateBooking[2m > 
[22m[2mshould return 
201 on successful 
booking request
At C:\Program Files\nod
ejs\npx.ps1:29 char:3
+   & $NODE_EXE 
$NPX_CLI_JS $args
+   ~~~~~~~~~~~~~~~~~~~
~~~~~~~~~~
    + CategoryInfo     
         : NotSpecifi  
  ed: ([90mstderr[   
 2m...booking reque    
st:String) [], Rem    
oteException
    + FullyQualifiedEr 
   rorId : NativeComm  
  andError
 
[22m[39m[vitest] The 
vi.fn() mock did not 
use 'function' or 
'class' in its 
implementation, see htt
ps://vitest.dev/api/vi#
vi-spyon for examples.
Create Booking Error: 
TypeError: (data) => {
      return { 
...data, save: __vite_s
sr_import_0__.vi.fn().m
ockResolvedValue(true) 
};
    } is not a 
constructor
    at new Mock [90m(f
ile:///A:/FreeLance%20P
rojects/RentAFellow/bac
kend/[39mnode_modules/
[4m@vitest[24m/spy/di
st/index.js:309:27[90m
)[39m
    at 
Module.createBooking 
(A:/FreeLance Projects/
RentAFellow/backend/src
/controllers/booking.co
ntroller.js:62:28)
[90m    at processTick
sAndRejections (node:in
ternal/process/task_que
ues:105:5)[39m
    at A:/FreeLance Pro
jects/RentAFellow/backe
nd/src/tests/controller
s/booking.test.js:102:7

[90mstderr[2m | src/t
ests/controllers/bookin
g.test.js[2m > 
[22m[2mBooking 
Controller[2m > [22m
[2mupdateBookingStatus
[2m > [22m[2mshould 
return 403 if user is 
not the companion for 
this booking
[22m[39mUpdate 
Booking Status Error: 
TypeError: __vite_ssr_i
mport_0__.default.findB
yId is not a function
    at Module.updateBoo
kingStatus 
(A:/FreeLance Projects/
RentAFellow/backend/src
/controllers/booking.co
ntroller.js:118:39)
    at A:/FreeLance Pro
jects/RentAFellow/backe
nd/src/tests/controller
s/booking.test.js:131:1
3
    at [90mfile:///A:/
FreeLance%20Projects/Re
ntAFellow/backend/[39m
node_modules/[4m@vites
t[24m/runner/dist/inde
x.js:296:11
    at [90mfile:///A:/
FreeLance%20Projects/Re
ntAFellow/backend/[39m
node_modules/[4m@vites
t[24m/runner/dist/inde
x.js:1258:26
    at [90mfile:///A:/
FreeLance%20Projects/Re
ntAFellow/backend/[39m
node_modules/[4m@vites
t[24m/runner/dist/inde
x.js:1681:20
    at new Promise 
(<anonymous>)
    at runWithCancel [
90m(file:///A:/FreeLanc
e%20Projects/RentAFello
w/backend/[39mnode_mod
ules/[4m@vitest[24m/r
unner/dist/index.js:167
8:10[90m)[39m
    at [90mfile:///A:/
FreeLance%20Projects/Re
ntAFellow/backend/[39m
node_modules/[4m@vites
t[24m/runner/dist/inde
x.js:1660:20
    at new Promise 
(<anonymous>)
    at runWithTimeout 
[90m(file:///A:/FreeLan
ce%20Projects/RentAFell
ow/backend/[39mnode_mo
dules/[4m@vitest[24m/
runner/dist/index.js:16
27:10[90m)[39m

 [32mΓ£ô[39m src/tests/controllers/booking.test.js[2m > [22mBooking Controller[2m > [22mcreateBooking[2m > [22mshould return 400 if companionId is missing[32m 11[2mms[22m[39m
 [32mΓ£ô[39m src/tests/controllers/booking.test.js[2m > [22mBooking Controller[2m > [22mcreateBooking[2m > [22mshould return 400 if user tries to book themselves[32m 3[2mms[22m[39m
 [32mΓ£ô[39m src/tests/controllers/booking.test.js[2m > [22mBooking Controller[2m > [22mcreateBooking[2m > [22mshould return 404 if companion is not found or not a companion role[32m 2[2mms[22m[39m
 [32mΓ£ô[39m src/tests/controllers/booking.test.js[2m > [22mBooking Controller[2m > [22mcreateBooking[2m > [22mshould return 400 if companion is not available on that day[32m 4[2mms[22m[39m
 [31m├ù[39m src/tests/controllers/booking.test.js[2m > [22mBooking Controller[2m > [22mcreateBooking[2m > [22mshould return 201 on successful booking request[32m 22[2mms[22m[39m
[31m   ΓåÆ expected "vi.fn()" to be called with arguments: [ 201 ][90m

Received:

[1m  1st vi.fn() call:

[22m[2m  [[22m
[32m-   201,[90m
[31m+   500,[90m
[2m  ][22m
[31m[90m

Number of calls: [1m1[22m
[31m[39m
 [31m├ù[39m src/tests/controllers/booking.test.js[2m > [22mBooking Controller[2m > [22mupdateBookingStatus[2m > [22mshould return 403 if user is not the companion for this booking[32m 14[2mms[22m[39m
[31m   ΓåÆ expected "vi.fn()" to be called with arguments: [ 403 ][90m

Received:

[1m  1st vi.fn() call:

[22m[2m  [[22m
[32m-   403,[90m
[31m+   500,[90m
[2m  ][22m
[31m[90m

Number of calls: [1m1[22m
[31m[39m
 [32mΓ£ô[39m src/tests/utils/hash.test.js[2m > [22mHash Utilities[2m > [22mshould hash a password into a different string[32m 84[2mms[22m[39m
 [32mΓ£ô[39m src/tests/utils/token.test.js[2m > [22mToken Utilities[2m > [22mshould generate a valid JWT token[32m 12[2mms[22m[39m
 [32mΓ£ô[39m src/tests/utils/hash.test.js[2m > [22mHash Utilities[2m > [22mshould verify a correct password against its hash[32m 119[2mms[22m[39m
[90mstderr[2m | src/t
ests/controllers/signup
.test.js[2m > 
[22m[2mSignup 
Controller[2m > 
[22m[2mshould return 
500 if email sending 
fails
[22m[39m[vitest] The 
vi.fn() mock did not 
use 'function' or 
'class' in its 
implementation, see htt
ps://vitest.dev/api/vi#
vi-spyon for examples.
Signup error: 
TypeError: () => {
      return { save: __
vite_ssr_import_0__.vi.
fn().mockResolvedValue(
{ _id: 'newUserId123' 
}), email: 
'...<omitted>... } is 
not a constructor
    at new Mock [90m(f
ile:///A:/FreeLance%20P
rojects/RentAFellow/bac
kend/[39mnode_modules/
[4m@vitest[24m/spy/di
st/index.js:309:27[90m
)[39m
    at Module.signup 
(A:/FreeLance Projects/
RentAFellow/backend/src
/controllers/signup.con
troller.js:43:21)
[90m    at processTick
sAndRejections (node:in
ternal/process/task_que
ues:105:5)[39m
    at A:/FreeLance Pro
jects/RentAFellow/backe
nd/src/tests/controller
s/signup.test.js:74:5
    at [90mfile:///A:/
FreeLance%20Projects/Re
ntAFellow/backend/[39m
node_modules/[4m@vites
t[24m/runner/dist/inde
x.js:1258:20

[90mstderr[2m | src/t
ests/controllers/signup
.test.js[2m > 
[22m[2mSignup 
Controller[2m > 
[22m[2mshould return 
201 on successful 
signup
[22m[39m[vitest] The 
vi.fn() mock did not 
use 'function' or 
'class' in its 
implementation, see htt
ps://vitest.dev/api/vi#
vi-spyon for examples.
Signup error: 
TypeError: () => {
      return { save: __
vite_ssr_import_0__.vi.
fn().mockResolvedValue(
{ _id: 'newUserId123' 
}), email: 
'...<omitted>... } is 
not a constructor
    at new Mock [90m(f
ile:///A:/FreeLance%20P
rojects/RentAFellow/bac
kend/[39mnode_modules/
[4m@vitest[24m/spy/di
st/index.js:309:27[90m
)[39m
    at Module.signup 
(A:/FreeLance Projects/
RentAFellow/backend/src
/controllers/signup.con
troller.js:43:21)
[90m    at processTick
sAndRejections (node:in
ternal/process/task_que
ues:105:5)[39m
    at A:/FreeLance Pro
jects/RentAFellow/backe
nd/src/tests/controller
s/signup.test.js:90:5
    at [90mfile:///A:/
FreeLance%20Projects/Re
ntAFellow/backend/[39m
node_modules/[4m@vites
t[24m/runner/dist/inde
x.js:1258:20

 [32mΓ£ô[39m src/tests/controllers/signup.test.js[2m > [22mSignup Controller[2m > [22mshould return 400 if fields are missing[32m 3[2mms[22m[39m
 [32mΓ£ô[39m src/tests/controllers/signup.test.js[2m > [22mSignup Controller[2m > [22mshould return 400 if username is too short[32m 2[2mms[22m[39m
 [32mΓ£ô[39m src/tests/controllers/signup.test.js[2m > [22mSignup Controller[2m > [22mshould return 400 if user already exists[32m 1[2mms[22m[39m
 [31m├ù[39m src/tests/controllers/signup.test.js[2m > [22mSignup Controller[2m > [22mshould return 500 if email sending fails[32m 7[2mms[22m[39m
[31m   ΓåÆ expected "vi.fn()" to be called at least once[39m
 [31m├ù[39m src/tests/controllers/signup.test.js[2m > [22mSignup Controller[2m > [22mshould return 201 on successful signup[32m 5[2mms[22m[39m
[31m   ΓåÆ expected "vi.fn()" to be called with arguments: [ 201 ][90m

Received:

[1m  1st vi.fn() call:

[22m[2m  [[22m
[32m-   201,[90m
[31m+   500,[90m
[2m  ][22m
[31m[90m

Number of calls: [1m1[22m
[31m[39m
 [32mΓ£ô[39m src/tests/utils/hash.test.js[2m > [22mHash Utilities[2m > [22mshould reject an incorrect password against a hash[32m 120[2mms[22m[39m
[90mstdout[2m | src/tests/controllers/login.test.js[2m > [22m[2mLogin Controller[2m > [22m[2mshould return 400 if email/username or password are missing
[22m[39mLOGIN REQUEST BODY: { email: [32m'test@test.com'[39m }
Parsed identifier: test@test.com Length: [33m13[39m
Parsed password: [90mundefined[39m Length: [90mundefined[39m

[90mstdout[2m | src/tests/controllers/login.test.js[2m > [22m[2mLogin Controller[2m > [22m[2mshould return 404 if user is not found
[22m[39mLOGIN REQUEST BODY: { email: [32m'notfound@test.com'[39m, password: [32m'password123'[39m }
Parsed identifier: notfound@test.com Length: [33m17[39m
Parsed password: password123 Length: [33m11[39m

[90mstdout[2m | src/tests/controllers/login.test.js[2m > [22m[2mLogin Controller[2m > [22m[2mshould return 401 if password does not match
[22m[39mLOGIN REQUEST BODY: { email: [32m'user@test.com'[39m, password: [32m'wrongPassword'[39m }
Parsed identifier: user@test.com Length: [33m13[39m
Parsed password: wrongPassword Length: [33m13[39m

[90mstdout[2m | src/tests/controllers/login.test.js[2m > [22m[2mLogin Controller[2m > [22m[2mshould return 403 and send OTP if email is not verified
[22m[39mLOGIN REQUEST BODY: { email: [32m'unverified@test.com'[39m, password: [32m'password123'[39m }
Parsed identifier: unverified@test.com Length: [33m19[39m
Parsed password: password123 Length: [33m11[39m

[90mstdout[2m | src/tests/controllers/login.test.js[2m > [22m[2mLogin Controller[2m > [22m[2mshould return 200 with token and user details on successful login
[22m[39mLOGIN REQUEST BODY: { email: [32m'verified@test.com'[39m, password: [32m'password123'[39m }
Parsed identifier: verified@test.com Length: [33m17[39m
Parsed password: password123 Length: [33m11[39m

 [32mΓ£ô[39m src/tests/controllers/login.test.js[2m > [22mLogin Controller[2m > [22mshould return 400 if email/username or password are missing[32m 5[2mms[22m[39m
 [32mΓ£ô[39m src/tests/controllers/login.test.js[2m > [22mLogin Controller[2m > [22mshould return 404 if user is not found[32m 2[2mms[22m[39m
 [32mΓ£ô[39m src/tests/controllers/login.test.js[2m > [22mLogin Controller[2m > [22mshould return 401 if password does not match[32m 2[2mms[22m[39m
 [32mΓ£ô[39m src/tests/controllers/login.test.js[2m > [22mLogin Controller[2m > [22mshould return 403 and send OTP if email is not verified[32m 2[2mms[22m[39m
 [32mΓ£ô[39m src/tests/controllers/login.test.js[2m > [22mLogin Controller[2m > [22mshould return 200 with token and user details on successful login[32m 2[2mms[22m[39m

[31mΓÄ»ΓÄ»ΓÄ»ΓÄ»ΓÄ»ΓÄ»
ΓÄ»[39m[1m[41m 
Failed Tests 4 [49m[2
2m[31mΓÄ»ΓÄ»ΓÄ»ΓÄ»ΓÄ»Γ
Ä»ΓÄ»[39m

[41m[1m FAIL 
[22m[49m src/tests/co
ntrollers/booking.test.
js[2m > [22mBooking 
Controller[2m > 
[22mcreateBooking[2m 
> [22mshould return 
201 on successful 
booking request
[31m[1mAssertionError
[22m: expected 
"vi.fn()" to be called 
with arguments: [ 201 
][90m

Received:

[1m  1st vi.fn() call:

[22m[2m  [[22m
[32m-   201,[90m
[31m+   500,[90m
[2m  ][22m
[31m[90m

Number of calls: 
[1m1[22m
[31m[39m
[36m [2mΓ¥»[22m src/
tests/controllers/booki
ng.test.js:[2m104:26[
22m[39m
    [90m102|[39m     
  [35mawait[39m [34m
createBooking[39m(req
[33m,[39m 
res)[33m;[39m
    [90m103|[39m
    [90m104|[39m     
  [34mexpect[39m(res
[33m.[39mstatus)[33m.
[39m[34mtoHaveBeenCal
ledWith[39m([34m201[
39m)[33m;[39m
    [90m   |[39m     
                     
[31m^[39m
    [90m105|[39m     
  [34mexpect[39m(res
[33m.[39mjson)[33m.[
39m[34mtoHaveBeenCalle
dWith[39m(expect[33m.
[39m[34mobjectContain
ing[39m({
    [90m106|[39m     
    message[33m:[39m 
[32m"Booking request 
sent successfully!"[39
m[33m,[39m

[31m[2mΓÄ»ΓÄ»ΓÄ»ΓÄ»ΓÄ
»ΓÄ»ΓÄ»ΓÄ»ΓÄ»ΓÄ»ΓÄ»ΓÄ»Γ
Ä»ΓÄ»ΓÄ»ΓÄ»ΓÄ»ΓÄ»ΓÄ»ΓÄ»
ΓÄ»ΓÄ»ΓÄ»ΓÄ»[1/4]ΓÄ»[2
2m[39m

[41m[1m FAIL 
[22m[49m src/tests/co
ntrollers/booking.test.
js[2m > [22mBooking 
Controller[2m > [22mu
pdateBookingStatus[2m 
> [22mshould return 
403 if user is not the 
companion for this 
booking
[31m[1mAssertionError
[22m: expected 
"vi.fn()" to be called 
with arguments: [ 403 
][90m

Received:

[1m  1st vi.fn() call:

[22m[2m  [[22m
[32m-   403,[90m
[31m+   500,[90m
[2m  ][22m
[31m[90m

Number of calls: 
[1m1[22m
[31m[39m
[36m [2mΓ¥»[22m src/
tests/controllers/booki
ng.test.js:[2m133:26[
22m[39m
    [90m131|[39m     
  [35mawait[39m [34m
updateBookingStatus[39
m(req[33m,[39m 
res)[33m;[39m
    [90m132|[39m
    [90m133|[39m     
  [34mexpect[39m(res
[33m.[39mstatus)[33m.
[39m[34mtoHaveBeenCal
ledWith[39m([34m403[
39m)[33m;[39m
    [90m   |[39m     
                     
[31m^[39m
    [90m134|[39m     
  expect(res.json).toHa
veBeenCalledWith({ 
message: "Not 
authorizedΓÇª
    [90m135|[39m     
})[33m;[39m

[31m[2mΓÄ»ΓÄ»ΓÄ»ΓÄ»ΓÄ
»ΓÄ»ΓÄ»ΓÄ»ΓÄ»ΓÄ»ΓÄ»ΓÄ»Γ
Ä»ΓÄ»ΓÄ»ΓÄ»ΓÄ»ΓÄ»ΓÄ»ΓÄ»
ΓÄ»ΓÄ»ΓÄ»ΓÄ»[2/4]ΓÄ»[2
2m[39m

[41m[1m FAIL 
[22m[49m src/tests/co
ntrollers/signup.test.j
s[2m > [22mSignup 
Controller[2m > 
[22mshould return 500 
if email sending fails
[31m[1mAssertionError
[22m: expected 
"vi.fn()" to be called 
at least once[39m
[36m [2mΓ¥»[22m src/
tests/controllers/signu
p.test.js:[2m77:38[22
m[39m
    [90m 75|[39m
    [90m 76|[39m     
[34mexpect[39m(hashUt
ils[33m.[39mhashPassw
ord)[33m.[39m[34mtoH
aveBeenCalledWith[39m(
[32m'password123'[39m
)[33m;[39m
    [90m 77|[39m     
[34mexpect[39m(sendEm
ailUtils[33m.[39msend
Email)[33m.[39m[34mt
oHaveBeenCalled[39m()
[33m;[39m
    [90m   |[39m     
                       
          [31m^[39m
    [90m 78|[39m     
[34mexpect[39m(res[3
3m.[39mstatus)[33m.[
39m[34mtoHaveBeenCalle
dWith[39m([34m500[39
m)[33m;[39m
    [90m 79|[39m     
[34mexpect[39m(res[3
3m.[39mjson)[33m.[39
m[34mtoHaveBeenCalledW
ith[39m(expect[33m.[
39m[34mobjectContainin
g[39m({

[31m[2mΓÄ»ΓÄ»ΓÄ»ΓÄ»ΓÄ
»ΓÄ»ΓÄ»ΓÄ»ΓÄ»ΓÄ»ΓÄ»ΓÄ»Γ
Ä»ΓÄ»ΓÄ»ΓÄ»ΓÄ»ΓÄ»ΓÄ»ΓÄ»
ΓÄ»ΓÄ»ΓÄ»ΓÄ»[3/4]ΓÄ»[2
2m[39m

[41m[1m FAIL 
[22m[49m src/tests/co
ntrollers/signup.test.j
s[2m > [22mSignup 
Controller[2m > 
[22mshould return 201 
on successful signup
[31m[1mAssertionError
[22m: expected 
"vi.fn()" to be called 
with arguments: [ 201 
][90m

Received:

[1m  1st vi.fn() call:

[22m[2m  [[22m
[32m-   201,[90m
[31m+   500,[90m
[2m  ][22m
[31m[90m

Number of calls: 
[1m1[22m
[31m[39m
[36m [2mΓ¥»[22m src/
tests/controllers/signu
p.test.js:[2m92:24[22
m[39m
    [90m 90|[39m     
[35mawait[39m [34msi
gnup[39m(req[33m,[39
m res)[33m;[39m
    [90m 91|[39m
    [90m 92|[39m     
[34mexpect[39m(res[3
3m.[39mstatus)[33m.[
39m[34mtoHaveBeenCalle
dWith[39m([34m201[39
m)[33m;[39m
    [90m   |[39m     
                   
[31m^[39m
    [90m 93|[39m     
[34mexpect[39m(res[3
3m.[39mjson)[33m.[39
m[34mtoHaveBeenCalledW
ith[39m(expect[33m.[
39m[34mobjectContainin
g[39m({
    [90m 94|[39m     
  message[33m:[39m ex
pect[33m.[39m[34mstr
ingContaining[39m([32
m"User created 
successfully"[39m)

[31m[2mΓÄ»ΓÄ»ΓÄ»ΓÄ»ΓÄ
»ΓÄ»ΓÄ»ΓÄ»ΓÄ»ΓÄ»ΓÄ»ΓÄ»Γ
Ä»ΓÄ»ΓÄ»ΓÄ»ΓÄ»ΓÄ»ΓÄ»ΓÄ»
ΓÄ»ΓÄ»ΓÄ»ΓÄ»[4/4]ΓÄ»[2
2m[39m

[31mΓÄ»ΓÄ»ΓÄ»ΓÄ»ΓÄ»ΓÄ»
[39m[1m[41m 
Unhandled Errors [49m
[22m[31mΓÄ»ΓÄ»ΓÄ»ΓÄ»ΓÄ
»ΓÄ»[39m
[31m[1m
Vitest caught 1 
unhandled error during 
the test run.
This might cause false 
positive tests. 
Resolve unhandled 
errors to make sure 
your tests are not 
affected.[22m[39m

[31mΓÄ»ΓÄ»ΓÄ»ΓÄ»[39m
[1m[41m Unhandled 
Rejection [49m[22m[3
1mΓÄ»ΓÄ»ΓÄ»ΓÄ»ΓÄ»[39m
[31m[1mTypeError[22m
: Cannot read 
properties of 
undefined (reading 'moc
kResolvedValue')[39m
[36m [2mΓ¥»[22m src/
tests/controllers/booki
ng.test.js:[2m128:33[
22m[39m
    [90m126|[39m     
  }[33m;[39m
    [90m127|[39m     
  [35mimport[39m([32
m'../../models/Booking.
js'[39m)[33m.[39m[3
4mthen[39m(module 
[33m=>[39m {
    [90m128|[39m     
    module[33m.[39m[
35mdefault[39m[33m.[
39mfindById[33m.[39m
[34mmockResolvedValue[
39m(mockBooking)[33m;
[39m
    [90m   |[39m     
                       
     [31m^[39m
    [90m129|[39m     
  })[33m;[39m
    [90m130|[39m
[90m [2mΓ¥»[22m proc
essTicksAndRejections n
ode:internal/process/ta
sk_queues:[2m105:5[22
m[39m

[31mThis error 
originated in "[1msrc/
tests/controllers/booki
ng.test.js[22m" test 
file. It doesn't mean 
the error was thrown 
inside the file 
itself, but while it 
was running.[39m
[31mΓÄ»ΓÄ»ΓÄ»ΓÄ»ΓÄ»ΓÄ»
ΓÄ»ΓÄ»ΓÄ»ΓÄ»ΓÄ»ΓÄ»ΓÄ»ΓÄ
»ΓÄ»ΓÄ»ΓÄ»ΓÄ»ΓÄ»ΓÄ»ΓÄ»Γ
Ä»ΓÄ»ΓÄ»ΓÄ»ΓÄ»ΓÄ»ΓÄ»ΓÄ»
ΓÄ»[39m


[2m Test Files [22m [1m[31m2 failed[39m[22m[2m | [22m[1m[32m3 passed[39m[22m[90m (5)[39m
[2m      Tests [22m [1m[31m4 failed[39m[22m[2m | [22m[1m[32m16 passed[39m[22m[90m (20)[39m
[2m     Errors [22m [1m[31m1 error[39m[22m
[2m   Start at [22m 13:25:59
[2m   Duration [22m 1.25s[2m (transform 490ms, setup 366ms, import 1.33s, tests 435ms, environment 1ms)[22m

